// Jest Snapshot v1, https://goo.gl/fbAQLP

exports[`Form should match snapshot 1`] = `
<form
  onSubmit={[Function]}
>
   
  <label
    htmlFor="testField"
  >
    Testing is fun
  </label>
  <input
    name="testField"
    onChange={[Function]}
    value=""
  />
   
</form>
`;
